---
source: crates/kapsel-testing/src/lib.rs
expression: snapshot
---
Delivery Attempts Snapshot
=========================

Attempt 1:
  attempt_number: 1
  response_status: Some(503)
  duration_ms: 75
  error_type: Some("http_error")
