---
source: tests/webhook_ingestion_test.rs
expression: "serde_json::to_string_pretty(&body).unwrap()"
---
{
  "event_id": "11111111-2222-3333-4444-555555555555",
  "status": "received"
}
